
> ghar@0.0.0 build
> vite build

[36mvite v7.3.1 [32mbuilding client environment for production...[36m[39m
transforming...
[32mΓ£ô[39m 3 modules transformed.
node.exe : 
[31mΓ£ù[39m Build 
failed in 417ms
At line:1 char:1
+ & "C:\Program Files
\nodejs/node.exe" "C:
\Users\HP\AppData\Roa
ming\npm ...
+ ~~~~~~~~~~~~~~~~~~~
~~~~~~~~~~~~~~~~~~~~~
~~~~~~~~~~~~~~~~~~~~~
~~~~~~~~
    + CategoryInfo   
           : 
NotSpecified: ([31m 
   Γ£ù[39m Build 
failed i    n 
417ms:String) [], 
Rem    oteException
    + FullyQualifiedE
rrorId     : 
NativeCommandError
 
[31merror during 
build:
[31m[vite:css] 
[postcss] It looks 
like you're trying 
to use `tailwindcss` 
directly as a 
PostCSS plugin. The 
PostCSS plugin has 
moved to a separate 
package, so to 
continue using 
Tailwind CSS with 
PostCSS you'll need 
to install `@tailwind
css/postcss` and 
update your PostCSS 
configuration.[31m
file: [36mC:/Users/H
P/Music/ghar/src/inde
x.css:undefined:NaN[
31m
    at lt (C:\Users\H
P\Music\ghar\node_mod
ules\tailwindcss\dist
\lib.js:38:1643)
    at 
LazyResult.runOnRoot 
(C:\Users\HP\Music\gh
ar\node_modules\postc
ss\lib\lazy-result.js
:361:16)
    at 
LazyResult.runAsync (
C:\Users\HP\Music\gha
r\node_modules\postcs
s\lib\lazy-result.js:
290:26)
    at 
LazyResult.async (C:\
Users\HP\Music\ghar\n
ode_modules\postcss\l
ib\lazy-result.js:192
:30)
    at 
LazyResult.then (C:\U
sers\HP\Music\ghar\no
de_modules\postcss\li
b\lazy-result.js:436:
17)[39m
